C:\Program Files\Microsoft Visual Studio\2022\Community\MSBuild\Microsoft\VC\v170\Microsoft.CppBuild.targets(520,5): warning MSB8004: Output Directory does not end with a trailing slash.  This build instance will add the slash as it is required to allow proper evaluation of the Output Directory.
  p_client.c
C:\Users\ianag\git\quake2-full\game\p_client.c(70,42): warning C4100: 'self': unreferenced formal parameter
C:\Users\ianag\git\quake2-full\game\p_client.c(179,66): warning C4100: 'damage': unreferenced formal parameter
C:\Users\ianag\git\quake2-full\game\p_client.c(179,56): warning C4100: 'kick': unreferenced formal parameter
C:\Users\ianag\git\quake2-full\game\p_client.c(179,43): warning C4100: 'other': unreferenced formal parameter
C:\Users\ianag\git\quake2-full\game\p_client.c(179,28): warning C4100: 'self': unreferenced formal parameter
C:\Users\ianag\git\quake2-full\game\p_client.c(211,46): warning C4100: 'inflictor': unreferenced formal parameter
C:\Users\ianag\git\quake2-full\game\p_client.c(501,91): warning C4100: 'point': unreferenced formal parameter
C:\Users\ianag\git\quake2-full\game\p_client.c(938,89): warning C4100: 'point': unreferenced formal parameter
C:\Users\ianag\git\quake2-full\game\p_client.c(938,60): warning C4100: 'attacker': unreferenced formal parameter
C:\Users\ianag\git\quake2-full\game\p_client.c(938,40): warning C4100: 'inflictor': unreferenced formal parameter
C:\Users\ianag\git\quake2-full\game\p_client.c(1266,23): warning C4706: assignment used as a condition
      C:\Users\ianag\git\quake2-full\game\p_client.c(1266,23):
      if an assignment is intended you can enclose it in parentheses, '(e1 = e2)', to silence this warning
  
C:\Users\ianag\git\quake2-full\game\p_client.c(1386,3): warning C4996: 'strcpy': This function or variable may be unsafe. Consider using strcpy_s instead. To disable deprecation, use _CRT_SECURE_NO_WARNINGS. See online help for details.
C:\Users\ianag\git\quake2-full\game\p_client.c(1391,2): warning C4996: 'strncpy': This function or variable may be unsafe. Consider using strncpy_s instead. To disable deprecation, use _CRT_SECURE_NO_WARNINGS. See online help for details.
C:\Users\ianag\git\quake2-full\game\p_client.c(1431,2): warning C4996: 'strncpy': This function or variable may be unsafe. Consider using strncpy_s instead. To disable deprecation, use _CRT_SECURE_NO_WARNINGS. See online help for details.
C:\Users\ianag\git\quake2-full\game\p_client.c(1677,27): warning C4101: 'up': unreferenced local variable
     Creating library .\..\release\gamex86.lib and object .\..\release\gamex86.exp
  game.vcxproj -> C:\Users\ianag\git\quake2-full\game\release\gamex86.dll
